java.util.logging.ErrorManager: 2
java.io.IOException: 拒绝访问。
	at java.io.FileOutputStream.writeBytes(Native Method)
	at java.io.FileOutputStream.write(FileOutputStream.java:326)
	at java.io.BufferedOutputStream.flushBuffer(BufferedOutputStream.java:82)
	at java.io.BufferedOutputStream.flush(BufferedOutputStream.java:140)
	at java.util.logging.FileHandler$MeteredStream.flush(FileHandler.java:215)
	at sun.nio.cs.StreamEncoder.implFlush(StreamEncoder.java:297)
	at sun.nio.cs.StreamEncoder.flush(StreamEncoder.java:141)
	at java.io.OutputStreamWriter.flush(OutputStreamWriter.java:229)
	at java.util.logging.StreamHandler.flush(StreamHandler.java:259)
	at java.util.logging.FileHandler.publish(FileHandler.java:719)
	at com.alibaba.csp.sentinel.log.jul.DateFileLogHandler.publish(DateFileLogHandler.java:83)
	at java.util.logging.Logger.log(Logger.java:738)
	at java.util.logging.Logger.doLog(Logger.java:765)
	at java.util.logging.Logger.log(Logger.java:788)
	at com.alibaba.csp.sentinel.log.jul.BaseJulLogger.log(BaseJulLogger.java:46)
	at com.alibaba.csp.sentinel.log.jul.JavaLoggingAdapter.info(JavaLoggingAdapter.java:49)
	at com.alibaba.csp.sentinel.log.RecordLog.info(RecordLog.java:48)
	at com.alibaba.csp.sentinel.node.DefaultNode.addChild(DefaultNode.java:94)
	at com.alibaba.csp.sentinel.context.ContextUtil.initDefaultContext(ContextUtil.java:68)
	at com.alibaba.csp.sentinel.context.ContextUtil.<clinit>(ContextUtil.java:62)
	at com.alibaba.csp.sentinel.adapter.spring.webmvc.AbstractSentinelInterceptor.preHandle(AbstractSentinelInterceptor.java:104)
	at org.springframework.web.servlet.HandlerExecutionChain.applyPreHandle(HandlerExecutionChain.java:148)
	at org.springframework.web.servlet.DispatcherServlet.doDispatch(DispatcherServlet.java:1067)
	at org.springframework.web.servlet.DispatcherServlet.doService(DispatcherServlet.java:965)
	at org.springframework.web.servlet.FrameworkServlet.processRequest(FrameworkServlet.java:1006)
	at org.springframework.web.servlet.FrameworkServlet.doGet(FrameworkServlet.java:898)
	at javax.servlet.http.HttpServlet.service(HttpServlet.java:645)
	at org.springframework.web.servlet.FrameworkServlet.service(FrameworkServlet.java:883)
	at javax.servlet.http.HttpServlet.service(HttpServlet.java:750)
	at org.apache.catalina.core.ApplicationFilterChain.internalDoFilter(ApplicationFilterChain.java:197)
	at org.apache.catalina.core.ApplicationFilterChain.doFilter(ApplicationFilterChain.java:142)
	at org.apache.tomcat.websocket.server.WsFilter.doFilter(WsFilter.java:51)
	at org.apache.catalina.core.ApplicationFilterChain.internalDoFilter(ApplicationFilterChain.java:166)
	at org.apache.catalina.core.ApplicationFilterChain.doFilter(ApplicationFilterChain.java:142)
	at org.springframework.web.filter.RequestContextFilter.doFilterInternal(RequestContextFilter.java:100)
	at org.springframework.web.filter.OncePerRequestFilter.doFilter(OncePerRequestFilter.java:117)
	at org.apache.catalina.core.ApplicationFilterChain.internalDoFilter(ApplicationFilterChain.java:166)
	at org.apache.catalina.core.ApplicationFilterChain.doFilter(ApplicationFilterChain.java:142)
	at org.springframework.web.filter.FormContentFilter.doFilterInternal(FormContentFilter.java:93)
	at org.springframework.web.filter.OncePerRequestFilter.doFilter(OncePerRequestFilter.java:117)
	at org.apache.catalina.core.ApplicationFilterChain.internalDoFilter(ApplicationFilterChain.java:166)
	at org.apache.catalina.core.ApplicationFilterChain.doFilter(ApplicationFilterChain.java:142)
	at org.springframework.boot.actuate.metrics.web.servlet.WebMvcMetricsFilter.doFilterInternal(WebMvcMetricsFilter.java:96)
	at org.springframework.web.filter.OncePerRequestFilter.doFilter(OncePerRequestFilter.java:117)
	at org.apache.catalina.core.ApplicationFilterChain.internalDoFilter(ApplicationFilterChain.java:166)
	at org.apache.catalina.core.ApplicationFilterChain.doFilter(ApplicationFilterChain.java:142)
	at org.springframework.web.filter.CharacterEncodingFilter.doFilterInternal(CharacterEncodingFilter.java:201)
	at org.springframework.web.filter.OncePerRequestFilter.doFilter(OncePerRequestFilter.java:117)
	at org.apache.catalina.core.ApplicationFilterChain.internalDoFilter(ApplicationFilterChain.java:166)
	at org.apache.catalina.core.ApplicationFilterChain.doFilter(ApplicationFilterChain.java:142)
	at org.apache.catalina.core.StandardWrapperValve.invoke(StandardWrapperValve.java:166)
	at org.apache.catalina.core.StandardContextValve.invoke(StandardContextValve.java:88)
	at org.apache.catalina.authenticator.AuthenticatorBase.invoke(AuthenticatorBase.java:481)
	at org.apache.catalina.core.StandardHostValve.invoke(StandardHostValve.java:127)
	at org.apache.catalina.valves.ErrorReportValve.invoke(ErrorReportValve.java:83)
	at org.apache.catalina.core.StandardEngineValve.invoke(StandardEngineValve.java:72)
	at org.apache.catalina.connector.CoyoteAdapter.service(CoyoteAdapter.java:344)
	at org.apache.coyote.http11.Http11Processor.service(Http11Processor.java:398)
	at org.apache.coyote.AbstractProcessorLight.process(AbstractProcessorLight.java:63)
	at org.apache.coyote.AbstractProtocol$ConnectionHandler.process(AbstractProtocol.java:935)
	at org.apache.tomcat.util.net.NioEndpoint$SocketProcessor.doRun(NioEndpoint.java:1831)
	at org.apache.tomcat.util.net.SocketProcessorBase.run(SocketProcessorBase.java:52)
	at org.apache.tomcat.util.threads.ThreadPoolExecutor.runWorker(ThreadPoolExecutor.java:973)
	at org.apache.tomcat.util.threads.ThreadPoolExecutor$Worker.run(ThreadPoolExecutor.java:491)
	at org.apache.tomcat.util.threads.TaskThread$WrappingRunnable.run(TaskThread.java:63)
	at java.lang.Thread.run(Thread.java:750)
java.util.logging.ErrorManager: 2
java.io.IOException: 拒绝访问。
	at java.io.FileOutputStream.writeBytes(Native Method)
	at java.io.FileOutputStream.write(FileOutputStream.java:326)
	at java.io.BufferedOutputStream.flushBuffer(BufferedOutputStream.java:82)
	at java.io.BufferedOutputStream.flush(BufferedOutputStream.java:140)
	at java.util.logging.FileHandler$MeteredStream.flush(FileHandler.java:215)
	at sun.nio.cs.StreamEncoder.implFlush(StreamEncoder.java:297)
	at sun.nio.cs.StreamEncoder.flush(StreamEncoder.java:141)
	at java.io.OutputStreamWriter.flush(OutputStreamWriter.java:229)
	at java.util.logging.StreamHandler.flush(StreamHandler.java:259)
	at java.util.logging.FileHandler.publish(FileHandler.java:719)
	at com.alibaba.csp.sentinel.log.jul.DateFileLogHandler.publish(DateFileLogHandler.java:83)
	at java.util.logging.Logger.log(Logger.java:738)
	at java.util.logging.Logger.doLog(Logger.java:765)
	at java.util.logging.Logger.log(Logger.java:788)
	at com.alibaba.csp.sentinel.log.jul.BaseJulLogger.log(BaseJulLogger.java:46)
	at com.alibaba.csp.sentinel.log.jul.JavaLoggingAdapter.info(JavaLoggingAdapter.java:49)
	at com.alibaba.csp.sentinel.transport.log.CommandCenterLog.info(CommandCenterLog.java:48)
	at com.alibaba.csp.sentinel.transport.command.SimpleHttpCommandCenter$2.run(SimpleHttpCommandCenter.java:104)
	at java.lang.Thread.run(Thread.java:750)
java.nio.file.AccessDeniedException: C:\Users\Coco\logs\csp\sentinel-record.log.2026-08-23.0.lck
	at sun.nio.fs.WindowsException.translateToIOException(WindowsException.java:83)
	at sun.nio.fs.WindowsException.rethrowAsIOException(WindowsException.java:97)
	at sun.nio.fs.WindowsException.rethrowAsIOException(WindowsException.java:102)
	at sun.nio.fs.WindowsFileSystemProvider.newFileChannel(WindowsFileSystemProvider.java:115)
	at java.nio.channels.FileChannel.open(FileChannel.java:287)
	at java.nio.channels.FileChannel.open(FileChannel.java:335)
	at java.util.logging.FileHandler.openFiles(FileHandler.java:479)
	at java.util.logging.FileHandler.<init>(FileHandler.java:421)
	at com.alibaba.csp.sentinel.log.jul.DateFileLogHandler.rotateDate(DateFileLogHandler.java:133)
	at com.alibaba.csp.sentinel.log.jul.DateFileLogHandler.publish(DateFileLogHandler.java:75)
	at java.util.logging.Logger.log(Logger.java:738)
	at java.util.logging.Logger.doLog(Logger.java:765)
	at java.util.logging.Logger.log(Logger.java:788)
	at com.alibaba.csp.sentinel.log.jul.BaseJulLogger.log(BaseJulLogger.java:46)
	at com.alibaba.csp.sentinel.log.jul.JavaLoggingAdapter.info(JavaLoggingAdapter.java:49)
	at com.alibaba.csp.sentinel.log.RecordLog.info(RecordLog.java:48)
	at com.alibaba.csp.sentinel.util.TimeUtil.check(TimeUtil.java:185)
	at com.alibaba.csp.sentinel.util.TimeUtil.run(TimeUtil.java:111)
	at java.lang.Thread.run(Thread.java:750)
java.nio.file.AccessDeniedException: C:\Users\Coco\logs\csp\sentinel-record.log.2026-08-23.0.lck
	at sun.nio.fs.WindowsException.translateToIOException(WindowsException.java:83)
	at sun.nio.fs.WindowsException.rethrowAsIOException(WindowsException.java:97)
	at sun.nio.fs.WindowsException.rethrowAsIOException(WindowsException.java:102)
	at sun.nio.fs.WindowsFileSystemProvider.newFileChannel(WindowsFileSystemProvider.java:115)
	at java.nio.channels.FileChannel.open(FileChannel.java:287)
	at java.nio.channels.FileChannel.open(FileChannel.java:335)
	at java.util.logging.FileHandler.openFiles(FileHandler.java:479)
	at java.util.logging.FileHandler.<init>(FileHandler.java:421)
	at com.alibaba.csp.sentinel.log.jul.DateFileLogHandler.rotateDate(DateFileLogHandler.java:133)
	at com.alibaba.csp.sentinel.log.jul.DateFileLogHandler.publish(DateFileLogHandler.java:75)
	at java.util.logging.Logger.log(Logger.java:738)
	at java.util.logging.Logger.doLog(Logger.java:765)
	at java.util.logging.Logger.log(Logger.java:788)
	at com.alibaba.csp.sentinel.log.jul.BaseJulLogger.log(BaseJulLogger.java:46)
	at com.alibaba.csp.sentinel.log.jul.JavaLoggingAdapter.info(JavaLoggingAdapter.java:49)
	at com.alibaba.csp.sentinel.log.RecordLog.info(RecordLog.java:48)
	at com.alibaba.csp.sentinel.util.TimeUtil.check(TimeUtil.java:188)
	at com.alibaba.csp.sentinel.util.TimeUtil.run(TimeUtil.java:111)
	at java.lang.Thread.run(Thread.java:750)
java.nio.file.AccessDeniedException: C:\Users\Coco\logs\csp\sentinel-record.log.2026-08-23.0.lck
	at sun.nio.fs.WindowsException.translateToIOException(WindowsException.java:83)
	at sun.nio.fs.WindowsException.rethrowAsIOException(WindowsException.java:97)
	at sun.nio.fs.WindowsException.rethrowAsIOException(WindowsException.java:102)
	at sun.nio.fs.WindowsFileSystemProvider.newFileChannel(WindowsFileSystemProvider.java:115)
	at java.nio.channels.FileChannel.open(FileChannel.java:287)
	at java.nio.channels.FileChannel.open(FileChannel.java:335)
	at java.util.logging.FileHandler.openFiles(FileHandler.java:479)
	at java.util.logging.FileHandler.<init>(FileHandler.java:421)
	at com.alibaba.csp.sentinel.log.jul.DateFileLogHandler.rotateDate(DateFileLogHandler.java:133)
	at com.alibaba.csp.sentinel.log.jul.DateFileLogHandler.publish(DateFileLogHandler.java:75)
	at java.util.logging.Logger.log(Logger.java:738)
	at java.util.logging.Logger.doLog(Logger.java:765)
	at java.util.logging.Logger.log(Logger.java:788)
	at com.alibaba.csp.sentinel.log.jul.BaseJulLogger.log(BaseJulLogger.java:46)
	at com.alibaba.csp.sentinel.log.jul.JavaLoggingAdapter.info(JavaLoggingAdapter.java:49)
	at com.alibaba.csp.sentinel.log.RecordLog.info(RecordLog.java:48)
	at com.alibaba.csp.sentinel.util.TimeUtil.check(TimeUtil.java:185)
	at com.alibaba.csp.sentinel.util.TimeUtil.run(TimeUtil.java:111)
	at java.lang.Thread.run(Thread.java:750)
java.nio.file.AccessDeniedException: C:\Users\Coco\logs\csp\sentinel-record.log.2026-08-23.0.lck
	at sun.nio.fs.WindowsException.translateToIOException(WindowsException.java:83)
	at sun.nio.fs.WindowsException.rethrowAsIOException(WindowsException.java:97)
	at sun.nio.fs.WindowsException.rethrowAsIOException(WindowsException.java:102)
	at sun.nio.fs.WindowsFileSystemProvider.newFileChannel(WindowsFileSystemProvider.java:115)
	at java.nio.channels.FileChannel.open(FileChannel.java:287)
	at java.nio.channels.FileChannel.open(FileChannel.java:335)
	at java.util.logging.FileHandler.openFiles(FileHandler.java:479)
	at java.util.logging.FileHandler.<init>(FileHandler.java:421)
	at com.alibaba.csp.sentinel.log.jul.DateFileLogHandler.rotateDate(DateFileLogHandler.java:133)
	at com.alibaba.csp.sentinel.log.jul.DateFileLogHandler.publish(DateFileLogHandler.java:75)
	at java.util.logging.Logger.log(Logger.java:738)
	at java.util.logging.Logger.doLog(Logger.java:765)
	at java.util.logging.Logger.log(Logger.java:788)
	at com.alibaba.csp.sentinel.log.jul.BaseJulLogger.log(BaseJulLogger.java:46)
	at com.alibaba.csp.sentinel.log.jul.JavaLoggingAdapter.info(JavaLoggingAdapter.java:49)
	at com.alibaba.csp.sentinel.log.RecordLog.info(RecordLog.java:48)
	at com.alibaba.csp.sentinel.util.TimeUtil.check(TimeUtil.java:188)
	at com.alibaba.csp.sentinel.util.TimeUtil.run(TimeUtil.java:111)
	at java.lang.Thread.run(Thread.java:750)
java.nio.file.AccessDeniedException: C:\Users\Coco\logs\csp\sentinel-record.log.2026-08-23.0.lck
	at sun.nio.fs.WindowsException.translateToIOException(WindowsException.java:83)
	at sun.nio.fs.WindowsException.rethrowAsIOException(WindowsException.java:97)
	at sun.nio.fs.WindowsException.rethrowAsIOException(WindowsException.java:102)
	at sun.nio.fs.WindowsFileSystemProvider.newFileChannel(WindowsFileSystemProvider.java:115)
	at java.nio.channels.FileChannel.open(FileChannel.java:287)
	at java.nio.channels.FileChannel.open(FileChannel.java:335)
	at java.util.logging.FileHandler.openFiles(FileHandler.java:479)
	at java.util.logging.FileHandler.<init>(FileHandler.java:421)
	at com.alibaba.csp.sentinel.log.jul.DateFileLogHandler.rotateDate(DateFileLogHandler.java:133)
	at com.alibaba.csp.sentinel.log.jul.DateFileLogHandler.publish(DateFileLogHandler.java:75)
	at java.util.logging.Logger.log(Logger.java:738)
	at java.util.logging.Logger.doLog(Logger.java:765)
	at java.util.logging.Logger.log(Logger.java:788)
	at com.alibaba.csp.sentinel.log.jul.BaseJulLogger.log(BaseJulLogger.java:46)
	at com.alibaba.csp.sentinel.log.jul.JavaLoggingAdapter.info(JavaLoggingAdapter.java:49)
	at com.alibaba.csp.sentinel.log.RecordLog.info(RecordLog.java:48)
	at com.alibaba.csp.sentinel.util.TimeUtil.check(TimeUtil.java:185)
	at com.alibaba.csp.sentinel.util.TimeUtil.run(TimeUtil.java:111)
	at java.lang.Thread.run(Thread.java:750)
java.nio.file.AccessDeniedException: C:\Users\Coco\logs\csp\sentinel-record.log.2026-08-23.0.lck
	at sun.nio.fs.WindowsException.translateToIOException(WindowsException.java:83)
	at sun.nio.fs.WindowsException.rethrowAsIOException(WindowsException.java:97)
	at sun.nio.fs.WindowsException.rethrowAsIOException(WindowsException.java:102)
	at sun.nio.fs.WindowsFileSystemProvider.newFileChannel(WindowsFileSystemProvider.java:115)
	at java.nio.channels.FileChannel.open(FileChannel.java:287)
	at java.nio.channels.FileChannel.open(FileChannel.java:335)
	at java.util.logging.FileHandler.openFiles(FileHandler.java:479)
	at java.util.logging.FileHandler.<init>(FileHandler.java:421)
	at com.alibaba.csp.sentinel.log.jul.DateFileLogHandler.rotateDate(DateFileLogHandler.java:133)
	at com.alibaba.csp.sentinel.log.jul.DateFileLogHandler.publish(DateFileLogHandler.java:75)
	at java.util.logging.Logger.log(Logger.java:738)
	at java.util.logging.Logger.doLog(Logger.java:765)
	at java.util.logging.Logger.log(Logger.java:788)
	at com.alibaba.csp.sentinel.log.jul.BaseJulLogger.log(BaseJulLogger.java:46)
	at com.alibaba.csp.sentinel.log.jul.JavaLoggingAdapter.info(JavaLoggingAdapter.java:49)
	at com.alibaba.csp.sentinel.log.RecordLog.info(RecordLog.java:48)
	at com.alibaba.csp.sentinel.util.TimeUtil.check(TimeUtil.java:188)
	at com.alibaba.csp.sentinel.util.TimeUtil.run(TimeUtil.java:111)
	at java.lang.Thread.run(Thread.java:750)
